// Jest Snapshot v1, https://goo.gl/fbAQLP

exports[`DropdownAutoCompleteMenu renders with a group 1`] = `
<AutoComplete
  isOpen={true}
  itemToString={[Function]}
  onSelect={[Function]}
/>
`;

exports[`DropdownAutoCompleteMenu renders without a group 1`] = `
<AutoComplete
  isOpen={true}
  itemToString={[Function]}
  onSelect={[Function]}
/>
`;

exports[`DropdownAutoCompleteMenu selects 1`] = `[MockFunction]`;
