// Jest Snapshot v1, https://goo.gl/fbAQLP

exports[`SettingsLayout renders 1`] = `
<React.Fragment>
  <SettingsHeader>
    <SettingsSubheader>
      <Container>
        <withOrganizations />
      </Container>
    </SettingsSubheader>
    <Container>
      <Flex
        align="center"
        width={1}
      >
        <Box
          flex="1"
        >
          <SettingsBreadcrumb
            route={Object {}}
            routes={Array []}
          />
        </Box>
        <SettingsSearch
          routes={Array []}
        />
      </Flex>
    </Container>
  </SettingsHeader>
  <ContentContainerWrapper>
    <Container>
      <Content>
        <NewSettingsWarning />
      </Content>
    </Container>
  </ContentContainerWrapper>
  <Footer />
</React.Fragment>
`;
