// Jest Snapshot v1, https://goo.gl/fbAQLP

exports[`ProjectExpectCtReports renders 1`] = `
<ProjectExpectCtReports
  location={
    Object {
      "pathame": "/mock-pathname/",
      "pathname": "/projects/org-slug/project-slug/expect-ct/",
      "query": Object {},
    }
  }
  organization={
    Object {
      "access": Array [
        "org:read",
        "org:write",
        "org:admin",
        "org:integrations",
        "project:read",
        "project:write",
        "project:admin",
        "team:read",
        "team:write",
        "team:admin",
      ],
      "experiments": Object {},
      "features": Array [],
      "id": "3",
      "name": "Organization Name",
      "onboardingTasks": Array [],
      "projects": Array [],
      "scrapeJavaScript": true,
      "slug": "org-slug",
      "status": Object {
        "id": "active",
        "name": "active",
      },
      "teams": Array [],
    }
  }
  params={
    Object {
      "orgId": "org-slug",
      "projectId": "project-slug",
    }
  }
  project={
    Object {
      "environments": Array [],
      "hasAccess": true,
      "id": "2",
      "isBookmarked": false,
      "isMember": true,
      "name": "Project Name",
      "slug": "project-slug",
      "teams": Array [],
    }
  }
  routes={Array []}
  stepBack={[Function]}
>
  <SideEffect(DocumentTitle)
    title="Certificate Transparency (Expect-CT) - project-slug - Sentry"
  >
    <DocumentTitle
      title="Certificate Transparency (Expect-CT) - project-slug - Sentry"
    >
      <div>
        <StyledSettingsPageHeading
          noTitleStyles={false}
          title="Certificate Transparency"
        >
          <SettingsPageHeading
            className="css-xtfhnp-StyledSettingsPageHeading e1uay4fd4"
            noTitleStyles={false}
            title="Certificate Transparency"
          >
            <div
              className="css-xtfhnp-StyledSettingsPageHeading e1uay4fd4"
            >
              <TitleAndActions>
                <div
                  className="css-ifzfc5-TitleAndActions e1uay4fd0"
                >
                  <Title
                    styled={false}
                  >
                    <div
                      className="css-u2ls9d-Title e1uay4fd1"
                    >
                      <HeaderTitle>
                        <h4
                          className="css-1bosio6-HeaderTitle eqkydle2"
                        >
                          Certificate Transparency
                        </h4>
                      </HeaderTitle>
                    </div>
                  </Title>
                </div>
              </TitleAndActions>
            </div>
          </SettingsPageHeading>
        </StyledSettingsPageHeading>
        <PreviewFeature>
          <Alert
            icon={
              <ForwardRef(IconLab)
                size="sm"
              />
            }
            iconSize="20px"
            type="info"
          >
            <Component
              className="css-17b0bb9-Alert ejthpj82"
              icon={
                <ForwardRef(IconLab)
                  size="sm"
                />
              }
              iconSize="20px"
              type="info"
            >
              <div
                className="ref-info css-17b0bb9-Alert ejthpj82"
              >
                <IconWrapper>
                  <span
                    className="css-1vsw7fz-IconWrapper ejthpj80"
                  >
                    <IconLab
                      size="sm"
                    >
                      <ForwardRef(SvgIcon)
                        size="sm"
                      >
                        <svg
                          fill="currentColor"
                          height="16px"
                          viewBox="0 0 16 16"
                          width="16px"
                        >
                          <path
                            d="M8,13.29a2.5,2.5,0,1,1,2.5-2.5A2.5,2.5,0,0,1,8,13.29Zm0-3.5a1,1,0,1,0,1,1A1,1,0,0,0,8,9.79Z"
                          />
                          <path
                            d="M11.31,16H4.68a3.45,3.45,0,0,1-3.49-3.4,3.34,3.34,0,0,1,.58-1.88L5.12,5.83V3.89H5a1.51,1.51,0,0,1-1.51-1.5V1.51A1.52,1.52,0,0,1,5,0h6a1.52,1.52,0,0,1,1.51,1.51v.88A1.51,1.51,0,0,1,11,3.89h-.1V5.83l3.35,4.89a3.34,3.34,0,0,1,.58,1.88A3.46,3.46,0,0,1,11.31,16ZM5,1.5v.89h.88a.75.75,0,0,1,.75.75V6.07a.7.7,0,0,1-.13.42L3,11.57a1.82,1.82,0,0,0-.32,1,2,2,0,0,0,2,1.9h6.63a2,2,0,0,0,2-1.9,1.82,1.82,0,0,0-.32-1L9.51,6.49a.7.7,0,0,1-.13-.42V3.14a.75.75,0,0,1,.75-.75H11V1.51Z"
                          />
                        </svg>
                      </ForwardRef(SvgIcon)>
                    </IconLab>
                  </span>
                </IconWrapper>
                <StyledTextBlock>
                  <span
                    className="css-6y2q80-StyledTextBlock ejthpj81"
                  >
                    This feature is a preview and may change in the future. Thanks for being an early adopter!
                  </span>
                </StyledTextBlock>
              </div>
            </Component>
          </Alert>
        </PreviewFeature>
        <ReportUri
          keyList={Array []}
          params={
            Object {
              "orgId": "org-slug",
              "projectId": "project-slug",
            }
          }
        >
          <Panel>
            <Component
              className="css-ietoyz-Panel e119nu470"
            >
              <div
                className="css-ietoyz-Panel e119nu470"
              >
                <PanelHeader>
                  <div
                    className="css-pi486d-PanelHeader en8g1d30"
                  >
                    Report URI
                  </div>
                </PanelHeader>
                <PanelBody
                  flexible={false}
                  withPadding={false}
                >
                  <FlexBox
                    withPadding={false}
                  >
                    <div
                      className="css-1nto0rx-FlexBox e1vnwt6f0"
                    >
                      <PanelAlert
                        type="info"
                      >
                        <Component
                          className="css-148v945-PanelAlert e1cszazt0"
                          type="info"
                        >
                          <Alert
                            className="css-148v945-PanelAlert e1cszazt0"
                            icon={
                              <ForwardRef(IconInfo)
                                size="md"
                              />
                            }
                            iconSize="20px"
                            system={true}
                            type="info"
                          >
                            <Component
                              className="e1cszazt0 css-14qvt3q-Alert-PanelAlert ejthpj82"
                              icon={
                                <ForwardRef(IconInfo)
                                  size="md"
                                />
                              }
                              iconSize="20px"
                              system={true}
                              type="info"
                            >
                              <div
                                className="ref-info e1cszazt0 css-14qvt3q-Alert-PanelAlert ejthpj82"
                              >
                                <IconWrapper>
                                  <span
                                    className="css-1vsw7fz-IconWrapper ejthpj80"
                                  >
                                    <IconInfo
                                      size="md"
                                    >
                                      <ForwardRef(SvgIcon)
                                        size="md"
                                      >
                                        <svg
                                          fill="currentColor"
                                          height="20px"
                                          viewBox="0 0 16 16"
                                          width="20px"
                                        >
                                          <path
                                            d="M8,11.78A.74.74,0,0,1,7.24,11V7a.75.75,0,0,1,1.5,0v4A.75.75,0,0,1,8,11.78Z"
                                          />
                                          <circle
                                            cx="8"
                                            cy="4.78"
                                            r="0.76"
                                          />
                                          <path
                                            d="M8,16a8,8,0,1,1,8-8A8,8,0,0,1,8,16ZM8,1.53A6.47,6.47,0,1,0,14.47,8,6.47,6.47,0,0,0,8,1.53Z"
                                          />
                                        </svg>
                                      </ForwardRef(SvgIcon)>
                                    </IconInfo>
                                  </span>
                                </IconWrapper>
                                <StyledTextBlock>
                                  <span
                                    className="css-6y2q80-StyledTextBlock ejthpj81"
                                  >
                                    <span
                                      key="4"
                                    >
                                      <span
                                        key="0"
                                      >
                                        We've automatically pulled these credentials from your available 
                                      </span>
                                      <Link
                                        key="2"
                                        onlyActiveOnIndex={false}
                                        style={Object {}}
                                        to="/settings/org-slug/projects/project-slug/keys/"
                                      >
                                        <a
                                          onClick={[Function]}
                                          style={Object {}}
                                        >
                                          <span
                                            key="1"
                                          >
                                            Client Keys
                                          </span>
                                        </a>
                                      </Link>
                                    </span>
                                  </span>
                                </StyledTextBlock>
                              </div>
                            </Component>
                          </Alert>
                        </Component>
                      </PanelAlert>
                      <Field
                        alignRight={false}
                        disabled={false}
                        flexibleControlStateSize={true}
                        inline={false}
                        required={false}
                        showHelpInTooltip={false}
                        visible={true}
                      >
                        <FieldWrapper
                          hasControlState={false}
                          inline={false}
                        >
                          <div
                            className="css-5lt4z9-FieldWrapper-FieldWrapper-FieldWrapper e2iyls20"
                          >
                            <FieldControl
                              alignRight={false}
                              controlState={<ControlState />}
                              disabled={false}
                              errorState={null}
                              flexibleControlStateSize={true}
                              inline={false}
                            >
                              <FieldControlErrorWrapper
                                inline={false}
                              >
                                <div
                                  className="css-szisuz-FieldControlErrorWrapper e12jpfuq0"
                                >
                                  <FieldControlWrapper>
                                    <div
                                      className="css-1evsibf-FieldControlWrapper e12jpfuq2"
                                    >
                                      <FieldControlStyled
                                        alignRight={false}
                                      >
                                        <div
                                          className="css-ld1e0a-FieldControlStyled e12jpfuq1"
                                        >
                                          <TextCopyInput
                                            onCopy={[Function]}
                                          >
                                            <Wrapper>
                                              <div
                                                className="css-1xoh4hm-Wrapper e1usehz70"
                                              >
                                                <OverflowContainer>
                                                  <div
                                                    className="css-1xzrfg-OverflowContainer e1usehz72"
                                                  >
                                                    <StyledInput
                                                      onClick={[Function]}
                                                      readOnly={true}
                                                      value="https://sentry.example.com/api/security-report/"
                                                    >
                                                      <input
                                                        className="css-1g3knvk-StyledInput e1usehz71"
                                                        onClick={[Function]}
                                                        readOnly={true}
                                                        value="https://sentry.example.com/api/security-report/"
                                                      />
                                                    </StyledInput>
                                                  </div>
                                                </OverflowContainer>
                                                <Clipboard
                                                  errorMessage="Error copying to clipboard"
                                                  hideMessages={false}
                                                  hideUnsupported={true}
                                                  onClick={[Function]}
                                                  successMessage="Copied to clipboard"
                                                  value="https://sentry.example.com/api/security-report/"
                                                />
                                              </div>
                                            </Wrapper>
                                          </TextCopyInput>
                                        </div>
                                      </FieldControlStyled>
                                      <FieldControlState
                                        flexibleControlStateSize={true}
                                      >
                                        <div
                                          className="css-mlgkyn-FieldControlState ep9s0su0"
                                        >
                                          <ControlState />
                                        </div>
                                      </FieldControlState>
                                    </div>
                                  </FieldControlWrapper>
                                </div>
                              </FieldControlErrorWrapper>
                            </FieldControl>
                          </div>
                        </FieldWrapper>
                      </Field>
                    </div>
                  </FlexBox>
                </PanelBody>
              </div>
            </Component>
          </Panel>
        </ReportUri>
        <Panel>
          <Component
            className="css-ietoyz-Panel e119nu470"
          >
            <div
              className="css-ietoyz-Panel e119nu470"
            >
              <PanelHeader>
                <div
                  className="css-pi486d-PanelHeader en8g1d30"
                >
                  About
                </div>
              </PanelHeader>
              <PanelBody
                flexible={false}
                withPadding={true}
              >
                <FlexBox
                  withPadding={true}
                >
                  <div
                    className="css-1ha8x5g-FlexBox e1vnwt6f0"
                  >
                    <p>
                      <span
                        key="4"
                      >
                        <ForwardRef(ExternalLink)
                          href="https://en.wikipedia.org/wiki/Certificate_Transparency"
                          key="1"
                        >
                          <a
                            href="https://en.wikipedia.org/wiki/Certificate_Transparency"
                            rel="noreferrer noopener"
                            target="_blank"
                          >
                            <span
                              key="0"
                            >
                              Certificate Transparency
                            </span>
                          </a>
                        </ForwardRef(ExternalLink)>
                        <span
                          key="2"
                        >
                          
      (CT) is a security standard which helps track and identify valid certificates, allowing identification of maliciously issued certificates
                        </span>
                      </span>
                    </p>
                    <p>
                      <span
                        key="4"
                      >
                        <span
                          key="0"
                        >
                          To configure reports in Sentry, you'll need to configure the 
                        </span>
                        <code
                          key="1"
                        >
                          Expect-CT
                        </code>
                        <span
                          key="2"
                        >
                           a header from your server:
                        </span>
                      </span>
                    </p>
                    <pre>
                      Expect-CT: report-uri="https://sentry.example.com/api/security-report/"
                    </pre>
                    <p>
                      <span
                        key="5"
                      >
                        <span
                          key="0"
                        >
                          For more information, see 
                        </span>
                        <a
                          href="https://developer.mozilla.org/en-US/docs/Web/HTTP/Headers/Expect-CT"
                          key="2"
                        >
                          <span
                            key="1"
                          >
                            the article on MDN
                          </span>
                        </a>
                        <span
                          key="3"
                        >
                          .
                        </span>
                      </span>
                    </p>
                  </div>
                </FlexBox>
              </PanelBody>
            </div>
          </Component>
        </Panel>
      </div>
    </DocumentTitle>
  </SideEffect(DocumentTitle)>
</ProjectExpectCtReports>
`;
