// Jest Snapshot v1, https://goo.gl/fbAQLP

exports[`GroupActions render() renders correctly 1`] = `
<GroupDetailsActions
  api={Client {}}
  group={
    Object {
      "assignedTo": null,
      "id": "1337",
      "pluginActions": Array [],
      "pluginIssues": Array [],
      "project": Object {
        "id": "2",
        "slug": "project-slug",
      },
      "stats": Object {
        "24h": Array [
          Array [
            1517281200,
            2,
          ],
          Array [
            1517310000,
            1,
          ],
        ],
        "30d": Array [
          Array [
            1514764800,
            1,
          ],
          Array [
            1515024000,
            122,
          ],
        ],
      },
      "tags": Array [],
    }
  }
  project={
    Object {
      "allowedDomains": Array [
        "example.com",
        "https://example.com",
      ],
      "dataScrubber": false,
      "dataScrubberDefaults": false,
      "digestsMaxDelay": 60,
      "digestsMinDelay": 5,
      "environments": Array [],
      "features": Array [],
      "hasAccess": true,
      "id": "2448",
      "isBookmarked": false,
      "isMember": true,
      "name": "project name",
      "resolveAge": 48,
      "safeFields": Array [
        "business-email",
        "company",
      ],
      "scrapeJavaScript": true,
      "scrubIPAddresses": false,
      "securityToken": "security-token",
      "securityTokenHeader": "x-security-header",
      "sensitiveFields": Array [
        "creditcard",
        "ssn",
      ],
      "slug": "project",
      "storeCrashReports": false,
      "subjectPrefix": "[my-org]",
      "subjectTemplate": "[$project] \${tag:level}: $title",
      "teams": Array [],
      "verifySSL": true,
    }
  }
/>
`;
