// Jest Snapshot v1, https://goo.gl/fbAQLP

exports[`ActorAvatar render() should show a gravatar when actor type is a team 1`] = `
<TeamAvatar
  hasTooltip={true}
  team={
    Object {
      "id": "3",
      "name": "COOL TEAM",
      "projects": Array [
        Object {
          "slug": 2,
        },
      ],
      "slug": "cool-team",
    }
  }
/>
`;

exports[`ActorAvatar render() should show a gravatar when actor type is a user 1`] = `
<UserAvatar
  gravatar={false}
  hasTooltip={true}
  user={
    Object {
      "email": "janebloggs@example.com",
      "id": "1",
      "name": "JanActore Bloggs",
    }
  }
/>
`;
