// Jest Snapshot v1, https://goo.gl/fbAQLP

exports[`OrganizationApiKeysView renders 1`] = `
<OrganizationApiKeysView
  params={
    Object {
      "orgId": "org-slug",
    }
  }
>
  <DocumentTitle
    title="Organization Name API Keys"
  >
    <HomeContainer
      params={
        Object {
          "orgId": "org-slug",
        }
      }
    >
      <div
        className=" organization-home"
      >
        <div
          className="sub-header flex flex-container flex-vertically-centered"
        >
          <div>
            <ProjectSelector
              organization={
                Object {
                  "access": Array [
                    "org:read",
                    "org:write",
                    "org:admin",
                    "project:read",
                    "project:write",
                    "project:admin",
                    "team:read",
                    "team:write",
                    "team:admin",
                  ],
                  "features": Array [],
                  "id": "3",
                  "name": "Organization Name",
                  "onboardingTasks": Array [],
                  "slug": "org-slug",
                  "teams": Array [],
                }
              }
              projectId={null}
            >
              <div
                className="project-select"
              >
                <h3>
                  <Link
                    className="home-crumb"
                    to="/org-slug/"
                  >
                    <Link
                      className="home-crumb"
                      onlyActiveOnIndex={false}
                      style={Object {}}
                      to="/org-slug/"
                    >
                      <a
                        className="home-crumb"
                        onClick={[Function]}
                        style={Object {}}
                      >
                        <span
                          className="icon-home"
                        />
                      </a>
                    </Link>
                  </Link>
                  Select a project
                  <DropdownLink
                    anchorRight={false}
                    caret={true}
                    disabled={false}
                    onClose={[Function]}
                    onOpen={[Function]}
                    title=""
                    topLevelClasses="project-dropdown is-empty"
                  >
                    <span
                      className="project-dropdown is-empty dropdown"
                    >
                      <a
                        className="dropdown-toggle"
                        data-toggle="dropdown"
                      >
                        <i
                          className="icon-arrow-down"
                        />
                      </a>
                      <ul
                        className="dropdown-menu"
                      >
                        <MenuItem
                          className="empty-projects-item"
                          noAnchor={true}
                        >
                          <li
                            className="empty-projects-item"
                            href={null}
                            role="presentation"
                            title={null}
                          >
                            <div
                              className="empty-message"
                            >
                              You have no projects.
                            </div>
                          </li>
                        </MenuItem>
                        <MenuItem
                          divider={true}
                        >
                          <li
                            className="divider"
                            href={null}
                            role="presentation"
                            title={null}
                          />
                        </MenuItem>
                        <MenuItem
                          className="empty-projects-item"
                          noAnchor={true}
                        >
                          <li
                            className="empty-projects-item"
                            href={null}
                            role="presentation"
                            title={null}
                          >
                            <a
                              className="btn btn-primary btn-block"
                              href="/organizations/org-slug/projects/new/"
                            >
                              Create project
                            </a>
                          </li>
                        </MenuItem>
                      </ul>
                    </span>
                  </DropdownLink>
                </h3>
              </div>
            </ProjectSelector>
          </div>
          <div
            className="align-right hidden-xs"
          >
            <Button
              disabled={false}
              priority="primary"
              style={
                Object {
                  "marginRight": 5,
                }
              }
              to="/organizations/org-slug/projects/new/"
            >
              <Link
                className="button button-primary"
                disabled={false}
                onClick={[Function]}
                onlyActiveOnIndex={false}
                role="button"
                style={
                  Object {
                    "marginRight": 5,
                  }
                }
                to="/organizations/org-slug/projects/new/"
              >
                <a
                  className="button button-primary"
                  disabled={false}
                  onClick={[Function]}
                  role="button"
                  style={
                    Object {
                      "marginRight": 5,
                    }
                  }
                >
                  <FlowLayout
                    truncate={false}
                  >
                    <div
                      className="flow-layout"
                    >
                      <span
                        className="button-label"
                      >
                        New Project
                      </span>
                    </div>
                  </FlowLayout>
                </a>
              </Link>
            </Button>
            <Button
              disabled={false}
              priority="primary"
              to="/organizations/org-slug/teams/new/"
            >
              <Link
                className="button button-primary"
                disabled={false}
                onClick={[Function]}
                onlyActiveOnIndex={false}
                role="button"
                style={Object {}}
                to="/organizations/org-slug/teams/new/"
              >
                <a
                  className="button button-primary"
                  disabled={false}
                  onClick={[Function]}
                  role="button"
                  style={Object {}}
                >
                  <FlowLayout
                    truncate={false}
                  >
                    <div
                      className="flow-layout"
                    >
                      <span
                        className="button-label"
                      >
                        New Team
                      </span>
                    </div>
                  </FlowLayout>
                </a>
              </Link>
            </Button>
          </div>
        </div>
        <div
          className="container"
        >
          <div
            className="content row"
          >
            <div
              className="col-md-2 org-sidebar"
            >
              <HomeSidebar>
                <div>
                  <h6
                    className="nav-header"
                  >
                    Organization
                  </h6>
                  <ul
                    className="nav nav-stacked"
                  >
                    <ListLink
                      activeClassName="active"
                      index={false}
                      isActive={[Function]}
                      to="/org-slug/"
                    >
                      <li
                        className=""
                      >
                        <Link
                          onlyActiveOnIndex={false}
                          style={Object {}}
                          to="/org-slug/"
                        >
                          <a
                            onClick={[Function]}
                            style={Object {}}
                          >
                            Dashboard
                          </a>
                        </Link>
                      </li>
                    </ListLink>
                    <ListLink
                      activeClassName="active"
                      index={false}
                      isActive={[Function]}
                      to="/organizations/org-slug/teams/"
                    >
                      <li
                        className=""
                      >
                        <Link
                          onlyActiveOnIndex={false}
                          style={Object {}}
                          to="/organizations/org-slug/teams/"
                        >
                          <a
                            onClick={[Function]}
                            style={Object {}}
                          >
                            Projects & Teams
                          </a>
                        </Link>
                      </li>
                    </ListLink>
                    <ListLink
                      activeClassName="active"
                      index={false}
                      to="/organizations/org-slug/stats/"
                    >
                      <li
                        className=""
                      >
                        <Link
                          onlyActiveOnIndex={false}
                          style={Object {}}
                          to="/organizations/org-slug/stats/"
                        >
                          <a
                            onClick={[Function]}
                            style={Object {}}
                          >
                            Stats
                          </a>
                        </Link>
                      </li>
                    </ListLink>
                  </ul>
                  <div>
                    <h6
                      className="nav-header with-divider"
                    >
                      Issues
                    </h6>
                    <ul
                      className="nav nav-stacked"
                    >
                      <ListLink
                        activeClassName="active"
                        index={false}
                        to="/organizations/org-slug/issues/assigned/"
                      >
                        <li
                          className=""
                        >
                          <Link
                            onlyActiveOnIndex={false}
                            style={Object {}}
                            to="/organizations/org-slug/issues/assigned/"
                          >
                            <a
                              onClick={[Function]}
                              style={Object {}}
                            >
                              Assigned to Me
                            </a>
                          </Link>
                        </li>
                      </ListLink>
                      <ListLink
                        activeClassName="active"
                        index={false}
                        to="/organizations/org-slug/issues/bookmarks/"
                      >
                        <li
                          className=""
                        >
                          <Link
                            onlyActiveOnIndex={false}
                            style={Object {}}
                            to="/organizations/org-slug/issues/bookmarks/"
                          >
                            <a
                              onClick={[Function]}
                              style={Object {}}
                            >
                              Bookmarks
                            </a>
                          </Link>
                        </li>
                      </ListLink>
                      <ListLink
                        activeClassName="active"
                        index={false}
                        to="/organizations/org-slug/issues/history/"
                      >
                        <li
                          className=""
                        >
                          <Link
                            onlyActiveOnIndex={false}
                            style={Object {}}
                            to="/organizations/org-slug/issues/history/"
                          >
                            <a
                              onClick={[Function]}
                              style={Object {}}
                            >
                              History
                            </a>
                          </Link>
                        </li>
                      </ListLink>
                    </ul>
                  </div>
                  <div>
                    <h6
                      className="nav-header with-divider"
                    >
                      Manage
                    </h6>
                    <ul
                      className="nav nav-stacked"
                    >
                      <li>
                        <a
                          href="/organizations/org-slug/members/"
                        >
                          Members
                           
                        </a>
                      </li>
                      <ListLink
                        activeClassName="active"
                        index={false}
                        to="/organizations/org-slug/audit-log/"
                      >
                        <li
                          className=""
                        >
                          <Link
                            onlyActiveOnIndex={false}
                            style={Object {}}
                            to="/organizations/org-slug/audit-log/"
                          >
                            <a
                              onClick={[Function]}
                              style={Object {}}
                            >
                              Audit Log
                            </a>
                          </Link>
                        </li>
                      </ListLink>
                      <ListLink
                        activeClassName="active"
                        index={false}
                        to="/organizations/org-slug/rate-limits/"
                      >
                        <li
                          className=""
                        >
                          <Link
                            onlyActiveOnIndex={false}
                            style={Object {}}
                            to="/organizations/org-slug/rate-limits/"
                          >
                            <a
                              onClick={[Function]}
                              style={Object {}}
                            >
                              Rate Limits
                            </a>
                          </Link>
                        </li>
                      </ListLink>
                      <ListLink
                        activeClassName="active"
                        index={false}
                        to="/organizations/org-slug/repos/"
                      >
                        <li
                          className=""
                        >
                          <Link
                            onlyActiveOnIndex={false}
                            style={Object {}}
                            to="/organizations/org-slug/repos/"
                          >
                            <a
                              onClick={[Function]}
                              style={Object {}}
                            >
                              Repositories
                            </a>
                          </Link>
                        </li>
                      </ListLink>
                      <ListLink
                        activeClassName="active"
                        index={false}
                        to="/organizations/org-slug/settings/"
                      >
                        <li
                          className=""
                        >
                          <Link
                            onlyActiveOnIndex={false}
                            style={Object {}}
                            to="/organizations/org-slug/settings/"
                          >
                            <a
                              onClick={[Function]}
                              style={Object {}}
                            >
                              Settings
                            </a>
                          </Link>
                        </li>
                      </ListLink>
                    </ul>
                  </div>
                </div>
              </HomeSidebar>
            </div>
            <div
              className="col-md-10"
            >
              <div>
                <SpreadLayout
                  center={true}
                  className="page-header"
                  responsive={false}
                >
                  <div
                    className="spread-layout page-header center"
                  >
                    <h3>
                      Api Keys
                    </h3>
                    <Button
                      disabled={false}
                      onClick={[Function]}
                      priority="primary"
                      type="button"
                    >
                      <button
                        className="button button-primary"
                        disabled={false}
                        onClick={[Function]}
                        role="button"
                        type="button"
                      >
                        <FlowLayout
                          truncate={false}
                        >
                          <div
                            className="flow-layout"
                          >
                            <span
                              className="button-label"
                            >
                              New API Key
                            </span>
                          </div>
                        </FlowLayout>
                      </button>
                    </Button>
                  </div>
                </SpreadLayout>
                <p>
                  API keys grant access to the
                   
                  <a
                    href="https://docs.sentry.io/hosted/api/"
                    rel="nofollow"
                    target="_blank"
                  >
                    developer web API
                  </a>
                  . If you're looking to configure a Sentry client, you'll need a client key which is available in your project settings.
                </p>
                <div
                  className="alert alert-block alert-info"
                >
                  psst. Until Sentry supports OAuth, you might want to switch to using
                   
                  <Link
                    to="/api/"
                  >
                    <Link
                      onlyActiveOnIndex={false}
                      style={Object {}}
                      to="/api/"
                    >
                      <a
                        onClick={[Function]}
                        style={Object {}}
                      >
                        Auth Tokens
                      </a>
                    </Link>
                  </Link>
                   
                  instead.
                </div>
                <table
                  className="table api-key-list"
                >
                  <colgroup>
                    <col
                      style={
                        Object {
                          "width": "40%",
                        }
                      }
                    />
                    <col
                      style={
                        Object {
                          "width": "40%",
                        }
                      }
                    />
                    <col
                      style={
                        Object {
                          "width": "20%",
                        }
                      }
                    />
                  </colgroup>
                  <tbody>
                    <tr>
                      <td>
                        <h5>
                          <Link
                            to="/organizations/org-slug/api-keys/1"
                          >
                            <Link
                              onlyActiveOnIndex={false}
                              style={Object {}}
                              to="/organizations/org-slug/api-keys/1"
                            >
                              <a
                                onClick={[Function]}
                                style={Object {}}
                              >
                                Default
                              </a>
                            </Link>
                          </Link>
                        </h5>
                      </td>
                      <td>
                        <div
                          className="form-control disabled auto-select"
                        >
                          aa624bcc12024702a202cd90be5feda0
                        </div>
                      </td>
                      <td
                        className="align-right"
                      >
                        <Link
                          className="btn btn-default btn-sm"
                          style={
                            Object {
                              "marginRight": 4,
                            }
                          }
                          to="/organizations/org-slug/api-keys/1"
                        >
                          <Link
                            className="btn btn-default btn-sm"
                            onlyActiveOnIndex={false}
                            style={
                              Object {
                                "marginRight": 4,
                              }
                            }
                            to="/organizations/org-slug/api-keys/1"
                          >
                            <a
                              className="btn btn-default btn-sm"
                              onClick={[Function]}
                              style={
                                Object {
                                  "marginRight": 4,
                                }
                              }
                            >
                              Edit Key
                            </a>
                          </Link>
                        </Link>
                        <LinkWithConfirmation
                          className="btn btn-default btn-sm"
                          message="Are you sure you want to remove this API key?"
                          onConfirm={[Function]}
                          title="Remove API Key?"
                        >
                          <Confirm
                            cancelText="Cancel"
                            confirmText="Confirm"
                            message="Are you sure you want to remove this API key?"
                            onConfirm={[Function]}
                            priority="primary"
                          >
                            <span>
                              <a
                                className="btn btn-default btn-sm"
                                onClick={[Function]}
                                title="Remove API Key?"
                              >
                                <span
                                  className="icon-trash"
                                />
                              </a>
                              <Modal
                                animation={false}
                                autoFocus={true}
                                backdrop={true}
                                bsClass="modal"
                                dialogComponentClass={[Function]}
                                enforceFocus={true}
                                keyboard={true}
                                manager={
                                  ModalManager {
                                    "containers": Array [],
                                    "data": Array [],
                                    "handleContainerOverflow": true,
                                    "hideSiblingNodes": true,
                                    "modals": Array [],
                                  }
                                }
                                onHide={[Function]}
                                renderBackdrop={[Function]}
                                restoreFocus={true}
                                show={false}
                              >
                                <Modal
                                  autoFocus={true}
                                  backdrop={true}
                                  backdropClassName="modal-backdrop"
                                  backdropTransitionTimeout={150}
                                  containerClassName="modal-open"
                                  dialogTransitionTimeout={300}
                                  enforceFocus={true}
                                  keyboard={true}
                                  manager={
                                    ModalManager {
                                      "containers": Array [],
                                      "data": Array [],
                                      "handleContainerOverflow": true,
                                      "hideSiblingNodes": true,
                                      "modals": Array [],
                                    }
                                  }
                                  onEntering={[Function]}
                                  onExited={[Function]}
                                  onHide={[Function]}
                                  renderBackdrop={[Function]}
                                  restoreFocus={true}
                                  show={false}
                                />
                              </Modal>
                            </span>
                          </Confirm>
                        </LinkWithConfirmation>
                      </td>
                    </tr>
                  </tbody>
                </table>
              </div>
            </div>
          </div>
        </div>
      </div>
    </HomeContainer>
  </DocumentTitle>
</OrganizationApiKeysView>
`;
