// Jest Snapshot v1, https://goo.gl/fbAQLP

exports[`ProjectPluginDetails renders 1`] = `
<withProject(WithOrganizationMockWrapper)
  location={
    Object {
      "pathame": "/mock-pathname/",
      "query": Object {},
    }
  }
  organization={
    Object {
      "access": Array [
        "org:read",
        "org:write",
        "org:admin",
        "org:integrations",
        "project:read",
        "project:write",
        "project:admin",
        "team:read",
        "team:write",
        "team:admin",
      ],
      "experiments": Object {},
      "features": Array [],
      "id": "3",
      "name": "Organization Name",
      "onboardingTasks": Array [],
      "projects": Array [],
      "scrapeJavaScript": true,
      "slug": "org-slug",
      "status": Object {
        "id": "active",
        "name": "active",
      },
      "teams": Array [],
    }
  }
  params={
    Object {
      "orgId": "org-slug",
      "pluginId": "amazon-sqs",
      "projectId": "project-slug",
    }
  }
  project={
    Object {
      "environments": Array [],
      "hasAccess": true,
      "id": "2",
      "isBookmarked": false,
      "isMember": true,
      "name": "Project Name",
      "slug": "project-slug",
      "teams": Array [],
    }
  }
>
  <WithOrganizationMockWrapper
    location={
      Object {
        "pathame": "/mock-pathname/",
        "query": Object {},
      }
    }
    organization={
      Object {
        "access": Array [
          "org:read",
          "org:write",
          "org:admin",
          "org:integrations",
          "project:read",
          "project:write",
          "project:admin",
          "team:read",
          "team:write",
          "team:admin",
        ],
        "experiments": Object {},
        "features": Array [],
        "id": "3",
        "name": "Organization Name",
        "onboardingTasks": Array [],
        "projects": Array [],
        "scrapeJavaScript": true,
        "slug": "org-slug",
        "status": Object {
          "id": "active",
          "name": "active",
        },
        "teams": Array [],
      }
    }
    params={
      Object {
        "orgId": "org-slug",
        "pluginId": "amazon-sqs",
        "projectId": "project-slug",
      }
    }
    project={
      Object {
        "environments": Array [],
        "hasAccess": true,
        "id": "2",
        "isBookmarked": false,
        "isMember": true,
        "name": "Project Name",
        "slug": "project-slug",
        "teams": Array [],
      }
    }
  >
    <withProject(withPlugins(WithOrganizationMockWrapper))
      location={
        Object {
          "pathame": "/mock-pathname/",
          "query": Object {},
        }
      }
      organization={
        Object {
          "access": Array [
            "org:read",
            "org:write",
            "org:admin",
            "org:integrations",
            "project:read",
            "project:write",
            "project:admin",
            "team:read",
            "team:write",
            "team:admin",
          ],
          "experiments": Object {},
          "features": Array [],
          "id": "3",
          "name": "Organization Name",
          "onboardingTasks": Array [],
          "projects": Array [],
          "scrapeJavaScript": true,
          "slug": "org-slug",
          "status": Object {
            "id": "active",
            "name": "active",
          },
          "teams": Array [],
        }
      }
      params={
        Object {
          "orgId": "org-slug",
          "pluginId": "amazon-sqs",
          "projectId": "project-slug",
        }
      }
      project={
        Object {
          "environments": Array [],
          "hasAccess": true,
          "id": "2",
          "isBookmarked": false,
          "isMember": true,
          "name": "Project Name",
          "slug": "project-slug",
          "teams": Array [],
        }
      }
    >
      <withPlugins(WithOrganizationMockWrapper)
        location={
          Object {
            "pathame": "/mock-pathname/",
            "query": Object {},
          }
        }
        organization={
          Object {
            "access": Array [
              "org:read",
              "org:write",
              "org:admin",
              "org:integrations",
              "project:read",
              "project:write",
              "project:admin",
              "team:read",
              "team:write",
              "team:admin",
            ],
            "experiments": Object {},
            "features": Array [],
            "id": "3",
            "name": "Organization Name",
            "onboardingTasks": Array [],
            "projects": Array [],
            "scrapeJavaScript": true,
            "slug": "org-slug",
            "status": Object {
              "id": "active",
              "name": "active",
            },
            "teams": Array [],
          }
        }
        params={
          Object {
            "orgId": "org-slug",
            "pluginId": "amazon-sqs",
            "projectId": "project-slug",
          }
        }
        project={
          Object {
            "environments": Array [],
            "hasAccess": true,
            "id": "2",
            "isBookmarked": false,
            "isMember": true,
            "name": "Project Name",
            "slug": "project-slug",
            "teams": Array [],
          }
        }
      >
        <WithOrganizationMockWrapper
          location={
            Object {
              "pathame": "/mock-pathname/",
              "query": Object {},
            }
          }
          organization={
            Object {
              "access": Array [
                "org:read",
                "org:write",
                "org:admin",
                "org:integrations",
                "project:read",
                "project:write",
                "project:admin",
                "team:read",
                "team:write",
                "team:admin",
              ],
              "experiments": Object {},
              "features": Array [],
              "id": "3",
              "name": "Organization Name",
              "onboardingTasks": Array [],
              "projects": Array [],
              "scrapeJavaScript": true,
              "slug": "org-slug",
              "status": Object {
                "id": "active",
                "name": "active",
              },
              "teams": Array [],
            }
          }
          params={
            Object {
              "orgId": "org-slug",
              "pluginId": "amazon-sqs",
              "projectId": "project-slug",
            }
          }
          plugins={
            Object {
              "error": null,
              "loading": true,
              "pageLinks": null,
              "plugins": Array [],
            }
          }
          project={
            Object {
              "environments": Array [],
              "hasAccess": true,
              "id": "2",
              "isBookmarked": false,
              "isMember": true,
              "name": "Project Name",
              "slug": "project-slug",
              "teams": Array [],
            }
          }
        >
          <ProjectPluginDetails
            location={
              Object {
                "pathame": "/mock-pathname/",
                "query": Object {},
              }
            }
            organization={
              Object {
                "access": Array [
                  "org:read",
                  "org:write",
                  "org:admin",
                  "org:integrations",
                  "project:read",
                  "project:write",
                  "project:admin",
                  "team:read",
                  "team:write",
                  "team:admin",
                ],
                "experiments": Object {},
                "features": Array [],
                "id": "3",
                "name": "Organization Name",
                "onboardingTasks": Array [],
                "projects": Array [],
                "scrapeJavaScript": true,
                "slug": "org-slug",
                "status": Object {
                  "id": "active",
                  "name": "active",
                },
                "teams": Array [],
              }
            }
            params={
              Object {
                "orgId": "org-slug",
                "pluginId": "amazon-sqs",
                "projectId": "project-slug",
              }
            }
            plugins={
              Object {
                "error": null,
                "loading": true,
                "pageLinks": null,
                "plugins": Array [],
              }
            }
            project={
              Object {
                "environments": Array [],
                "hasAccess": true,
                "id": "2",
                "isBookmarked": false,
                "isMember": true,
                "name": "Project Name",
                "slug": "project-slug",
                "teams": Array [],
              }
            }
          >
            <SideEffect(DocumentTitle)
              title="Sentry - Sentry"
            >
              <DocumentTitle
                title="Sentry - Sentry"
              >
                <div>
                  <StyledSettingsPageHeading
                    action={
                      <div
                        className="pull-right"
                      >
                        <ForwardRef
                          disabled={false}
                          onClick={[Function]}
                          size="small"
                          style={
                            Object {
                              "marginRight": "6px",
                            }
                          }
                        >
                          Enable Plugin
                        </ForwardRef>
                        <ForwardRef
                          onClick={[Function]}
                          size="small"
                        >
                          Reset Configuration
                        </ForwardRef>
                      </div>
                    }
                    noTitleStyles={false}
                    title="Amazon SQS"
                  >
                    <SettingsPageHeading
                      action={
                        <div
                          className="pull-right"
                        >
                          <ForwardRef
                            disabled={false}
                            onClick={[Function]}
                            size="small"
                            style={
                              Object {
                                "marginRight": "6px",
                              }
                            }
                          >
                            Enable Plugin
                          </ForwardRef>
                          <ForwardRef
                            onClick={[Function]}
                            size="small"
                          >
                            Reset Configuration
                          </ForwardRef>
                        </div>
                      }
                      className="css-xtfhnp-StyledSettingsPageHeading e1uay4fd4"
                      noTitleStyles={false}
                      title="Amazon SQS"
                    >
                      <div
                        className="css-xtfhnp-StyledSettingsPageHeading e1uay4fd4"
                      >
                        <TitleAndActions>
                          <div
                            className="css-ifzfc5-TitleAndActions e1uay4fd0"
                          >
                            <Title
                              styled={false}
                            >
                              <div
                                className="css-u2ls9d-Title e1uay4fd1"
                              >
                                <HeaderTitle>
                                  <h4
                                    className="css-1bosio6-HeaderTitle eqkydle2"
                                  >
                                    Amazon SQS
                                  </h4>
                                </HeaderTitle>
                              </div>
                            </Title>
                            <Action>
                              <div
                                className="css-au7gsx-Action e1uay4fd3"
                              >
                                <div
                                  className="pull-right"
                                >
                                  <forwardRef<Button>
                                    disabled={false}
                                    onClick={[Function]}
                                    size="small"
                                    style={
                                      Object {
                                        "marginRight": "6px",
                                      }
                                    }
                                  >
                                    <Button
                                      align="center"
                                      disabled={false}
                                      forwardRef={null}
                                      onClick={[Function]}
                                      size="small"
                                      style={
                                        Object {
                                          "marginRight": "6px",
                                        }
                                      }
                                    >
                                      <StyledButton
                                        aria-disabled={false}
                                        aria-label="Enable Plugin"
                                        disabled={false}
                                        forwardRef={null}
                                        onClick={[Function]}
                                        role="button"
                                        size="small"
                                        style={
                                          Object {
                                            "marginRight": "6px",
                                          }
                                        }
                                      >
                                        <Component
                                          aria-disabled={false}
                                          aria-label="Enable Plugin"
                                          className="css-8od3q1-StyledButton edwq9my0"
                                          forwardRef={null}
                                          onClick={[Function]}
                                          role="button"
                                          size="small"
                                          style={
                                            Object {
                                              "marginRight": "6px",
                                            }
                                          }
                                        >
                                          <button
                                            aria-disabled={false}
                                            aria-label="Enable Plugin"
                                            className="css-8od3q1-StyledButton edwq9my0"
                                            onClick={[Function]}
                                            role="button"
                                            size="small"
                                            style={
                                              Object {
                                                "marginRight": "6px",
                                              }
                                            }
                                          >
                                            <ButtonLabel
                                              align="center"
                                              size="small"
                                            >
                                              <span
                                                className="css-n7mdnv-ButtonLabel edwq9my1"
                                              >
                                                Enable Plugin
                                              </span>
                                            </ButtonLabel>
                                          </button>
                                        </Component>
                                      </StyledButton>
                                    </Button>
                                  </forwardRef<Button>>
                                  <forwardRef<Button>
                                    onClick={[Function]}
                                    size="small"
                                  >
                                    <Button
                                      align="center"
                                      disabled={false}
                                      forwardRef={null}
                                      onClick={[Function]}
                                      size="small"
                                    >
                                      <StyledButton
                                        aria-disabled={false}
                                        aria-label="Reset Configuration"
                                        disabled={false}
                                        forwardRef={null}
                                        onClick={[Function]}
                                        role="button"
                                        size="small"
                                      >
                                        <Component
                                          aria-disabled={false}
                                          aria-label="Reset Configuration"
                                          className="css-8od3q1-StyledButton edwq9my0"
                                          forwardRef={null}
                                          onClick={[Function]}
                                          role="button"
                                          size="small"
                                        >
                                          <button
                                            aria-disabled={false}
                                            aria-label="Reset Configuration"
                                            className="css-8od3q1-StyledButton edwq9my0"
                                            onClick={[Function]}
                                            role="button"
                                            size="small"
                                          >
                                            <ButtonLabel
                                              align="center"
                                              size="small"
                                            >
                                              <span
                                                className="css-n7mdnv-ButtonLabel edwq9my1"
                                              >
                                                Reset Configuration
                                              </span>
                                            </ButtonLabel>
                                          </button>
                                        </Component>
                                      </StyledButton>
                                    </Button>
                                  </forwardRef<Button>>
                                </div>
                              </div>
                            </Action>
                          </div>
                        </TitleAndActions>
                      </div>
                    </SettingsPageHeading>
                  </StyledSettingsPageHeading>
                  <div
                    className="row"
                  >
                    <div
                      className="col-md-7"
                    >
                      <withApi(PluginConfig)
                        data={
                          Object {
                            "assets": Array [],
                            "author": Object {
                              "name": "Sentry Team",
                              "url": "https://github.com/getsentry/sentry",
                            },
                            "canDisable": true,
                            "enabled": false,
                            "hasConfiguration": true,
                            "id": "amazon-sqs",
                            "isHidden": false,
                            "name": "Amazon SQS",
                            "slug": "amazon-sqs",
                            "version": "8.23.0.dev0",
                          }
                        }
                        enabled={false}
                        onDisablePlugin={[Function]}
                        organization={
                          Object {
                            "access": Array [
                              "org:read",
                              "org:write",
                              "org:admin",
                              "org:integrations",
                              "project:read",
                              "project:write",
                              "project:admin",
                              "team:read",
                              "team:write",
                              "team:admin",
                            ],
                            "experiments": Object {},
                            "features": Array [],
                            "id": "3",
                            "name": "Organization Name",
                            "onboardingTasks": Array [],
                            "projects": Array [],
                            "scrapeJavaScript": true,
                            "slug": "org-slug",
                            "status": Object {
                              "id": "active",
                              "name": "active",
                            },
                            "teams": Array [],
                          }
                        }
                        project={
                          Object {
                            "environments": Array [],
                            "hasAccess": true,
                            "id": "2",
                            "isBookmarked": false,
                            "isMember": true,
                            "name": "Project Name",
                            "slug": "project-slug",
                            "teams": Array [],
                          }
                        }
                      >
                        <PluginConfig
                          api={
                            Client {
                              "_chain": [Function],
                              "_wrapRequest": [Function],
                              "bulkUpdate": [Function],
                              "handleRequestError": [Function],
                              "hasProjectBeenRenamed": [Function],
                            }
                          }
                          data={
                            Object {
                              "assets": Array [],
                              "author": Object {
                                "name": "Sentry Team",
                                "url": "https://github.com/getsentry/sentry",
                              },
                              "canDisable": true,
                              "enabled": false,
                              "hasConfiguration": true,
                              "id": "amazon-sqs",
                              "isHidden": false,
                              "name": "Amazon SQS",
                              "slug": "amazon-sqs",
                              "version": "8.23.0.dev0",
                            }
                          }
                          enabled={false}
                          onDisablePlugin={[Function]}
                          organization={
                            Object {
                              "access": Array [
                                "org:read",
                                "org:write",
                                "org:admin",
                                "org:integrations",
                                "project:read",
                                "project:write",
                                "project:admin",
                                "team:read",
                                "team:write",
                                "team:admin",
                              ],
                              "experiments": Object {},
                              "features": Array [],
                              "id": "3",
                              "name": "Organization Name",
                              "onboardingTasks": Array [],
                              "projects": Array [],
                              "scrapeJavaScript": true,
                              "slug": "org-slug",
                              "status": Object {
                                "id": "active",
                                "name": "active",
                              },
                              "teams": Array [],
                            }
                          }
                          project={
                            Object {
                              "environments": Array [],
                              "hasAccess": true,
                              "id": "2",
                              "isBookmarked": false,
                              "isMember": true,
                              "name": "Project Name",
                              "slug": "project-slug",
                              "teams": Array [],
                            }
                          }
                        >
                          <Panel
                            className="plugin-config ref-plugin-config-amazon-sqs"
                          >
                            <Component
                              className="plugin-config ref-plugin-config-amazon-sqs css-ietoyz-Panel e119nu470"
                            >
                              <div
                                className="plugin-config ref-plugin-config-amazon-sqs css-ietoyz-Panel e119nu470"
                              >
                                <PanelHeader
                                  hasButtons={true}
                                >
                                  <div
                                    className="css-13it3e1-PanelHeader en8g1d30"
                                  >
                                    <PluginName>
                                      <div
                                        className="css-1wbtb06-PluginName e1ueudyh0"
                                      >
                                        <StyledPluginIcon
                                          pluginId="amazon-sqs"
                                          size={20}
                                        >
                                          <div
                                            className="css-7jhc8m-PluginIcon-StyledPluginIcon e1ueudyh1"
                                            size={20}
                                          />
                                        </StyledPluginIcon>
                                        <span>
                                          Amazon SQS
                                        </span>
                                      </div>
                                    </PluginName>
                                  </div>
                                </PanelHeader>
                                <StyledPanelBody
                                  flexible={false}
                                  withPadding={false}
                                >
                                  <PanelBody
                                    className="css-1b3dypq-StyledPanelBody e1ueudyh4"
                                    flexible={false}
                                    withPadding={false}
                                  >
                                    <FlexBox
                                      className="css-1b3dypq-StyledPanelBody e1ueudyh4"
                                      withPadding={false}
                                    >
                                      <div
                                        className="e1ueudyh4 css-1nbu7cr-FlexBox-StyledPanelBody e1vnwt6f0"
                                      >
                                        <div
                                          dangerouslySetInnerHTML={
                                            Object {
                                              "__html": undefined,
                                            }
                                          }
                                        />
                                        <PluginSettings
                                          organization={
                                            Object {
                                              "access": Array [
                                                "org:read",
                                                "org:write",
                                                "org:admin",
                                                "org:integrations",
                                                "project:read",
                                                "project:write",
                                                "project:admin",
                                                "team:read",
                                                "team:write",
                                                "team:admin",
                                              ],
                                              "experiments": Object {},
                                              "features": Array [],
                                              "id": "3",
                                              "name": "Organization Name",
                                              "onboardingTasks": Array [],
                                              "projects": Array [],
                                              "scrapeJavaScript": true,
                                              "slug": "org-slug",
                                              "status": Object {
                                                "id": "active",
                                                "name": "active",
                                              },
                                              "teams": Array [],
                                            }
                                          }
                                          plugin={
                                            DefaultPlugin {
                                              "assets": Array [],
                                              "author": Object {
                                                "name": "Sentry Team",
                                                "url": "https://github.com/getsentry/sentry",
                                              },
                                              "canDisable": true,
                                              "enabled": false,
                                              "hasConfiguration": true,
                                              "id": "amazon-sqs",
                                              "isHidden": false,
                                              "name": "Amazon SQS",
                                              "slug": "amazon-sqs",
                                              "version": "8.23.0.dev0",
                                            }
                                          }
                                          project={
                                            Object {
                                              "environments": Array [],
                                              "hasAccess": true,
                                              "id": "2",
                                              "isBookmarked": false,
                                              "isMember": true,
                                              "name": "Project Name",
                                              "slug": "project-slug",
                                              "teams": Array [],
                                            }
                                          }
                                        />
                                      </div>
                                    </FlexBox>
                                  </PanelBody>
                                </StyledPanelBody>
                              </div>
                            </Component>
                          </Panel>
                        </PluginConfig>
                      </withApi(PluginConfig)>
                    </div>
                    <div
                      className="col-md-4 col-md-offset-1"
                    >
                      <div
                        className="pluginDetails-meta"
                      >
                        <h4>
                          Plugin Information
                        </h4>
                        <dl
                          className="flat"
                        >
                          <dt>
                            Name
                          </dt>
                          <dd>
                            Amazon SQS
                          </dd>
                          <dt>
                            Author
                          </dt>
                          <dd>
                            Sentry Team
                          </dd>
                          <div>
                            <dt>
                              URL
                            </dt>
                            <dd>
                              <ForwardRef(ExternalLink)
                                href="https://github.com/getsentry/sentry"
                              >
                                <a
                                  href="https://github.com/getsentry/sentry"
                                  rel="noreferrer noopener"
                                  target="_blank"
                                >
                                  github.com/getsentry/sentry
                                </a>
                              </ForwardRef(ExternalLink)>
                            </dd>
                          </div>
                          <dt>
                            Version
                          </dt>
                          <dd>
                            8.23.0.dev0
                          </dd>
                        </dl>
                      </div>
                    </div>
                  </div>
                </div>
              </DocumentTitle>
            </SideEffect(DocumentTitle)>
          </ProjectPluginDetails>
        </WithOrganizationMockWrapper>
      </withPlugins(WithOrganizationMockWrapper)>
    </withProject(withPlugins(WithOrganizationMockWrapper))>
  </WithOrganizationMockWrapper>
</withProject(WithOrganizationMockWrapper)>
`;
